// Jest Snapshot v1, https://goo.gl/fbAQLP

exports[`BetaBanner is a Vue instance 1`] = `
<div class="banner_dashboard mx-auto"><a href="/v3/tkdashboard/?redirect=home/dashboard?dashboardBetaOptOut=true" class="bg-grey"><span class="message md:underline md:leading-normal leading-tight bg-grey text-white">
            Return
        </span></a></div>
`;
