// Jest Snapshot v1, https://goo.gl/fbAQLP

exports[`TeacherActionSteps creates a snapshot 1`] = `
<div class="px-4 pt-6">
  <h2 class="text-2xl font-semibold capitalize"></h2>
  <div class="b-tabs">
    <nav class="tabs">
      <ul></ul>
    </nav>
    <section class="tab-content">
      <div class="tab-item" style="display: block;">
        <div class="mt-2 mx-1 border rounded-lg h-60 flex items-center justify-center">
          All tasks are complete
        </div>
      </div>
      <div class="tab-item" style="display: none;">
        <div class="mt-2 mx-1 border rounded-lg h-60 flex items-center justify-center">
          All tasks are incomplete

        </div>
      </div>
    </section>
  </div>
  <p class="mb-6">
    :
    <button class="font-medium underline text-secondary"></button> <span> | </span> <button class="font-medium underline text-secondary"></button></p>
</div>
`;
