// Jest Snapshot v1, https://goo.gl/fbAQLP

exports[`BusinessLeaderboard renders correctly 1`] = `
<div class="business-leaderboard card-content py-4 px-7">
  <p class="mb-8">
    heading 1 <a href="/v3/tkdashboard/?redirect=auth/login/FFFFFFFF/view-participant/pledge" class="font-bold text-secondary">heading 2</a> heading 3
  </p>
  <table class="table is-fullwidth -mx-3 mb-8">
    <tbody>
      <tr>
        <td>
          <h3>
            1.
            <a href="www.test1.com" target="_blank">Test1</a></h3>
          <!---->
        </td>
        <td class="text-right whitespace-no-wrap">
          $20
        </td>
      </tr>
      <tr>
        <td>
          <h3>
            2.
            <a href="www.test2.com" target="_blank">Test2</a></h3>
          <h4>
            Comment
          </h4>
        </td>
        <td class="text-right whitespace-no-wrap">
          $100
        </td>
      </tr>
      <tr>
        <td>
          <h3>
            3.
            <a href="www.test3.com" target="_blank">Test3</a></h3>
          <!---->
        </td>
        <td class="text-right whitespace-no-wrap">
          $20
        </td>
      </tr>
      <tr>
        <td>
          <h3>
            4.
            <a href="www.test4.com" target="_blank">Test4</a></h3>
          <h4>
            Comment
          </h4>
        </td>
        <td class="text-right whitespace-no-wrap">
          $100
        </td>
      </tr>
      <tr>
        <td>
          <h3>
            5.
            <a href="www.test5.com" target="_blank">Test5</a></h3>
          <!---->
        </td>
        <td class="text-right whitespace-no-wrap">
          $20
        </td>
      </tr>
    </tbody>
  </table>
  <div class="text-center"><button class="button is-white has-text-secondary has-text-weight-bold">
      Show More
    </button></div>
</div>
`;
