// Jest Snapshot v1, https://goo.gl/fbAQLP

exports[`WeekendChallenge Snapshop test for WeekendChallenge 1`] = `
<p>
  Para: Familias de escuela
  <br>Cuando: Día antes de fin de semana (generalmente Viernes)
  <br>Tema: ¡Reto de fin de semana especial!
  <br><br> <strong>event name</strong> Familias,
  <br><br>
  Gracias de nuevo por su apoyar nuestra escuela con el <strong>event name</strong>.
  <br><br>
  ¡Este fin de semana estamos lanzando un reto especial!
  Su estudiante puede recibir un premio adicional simplemente obteniendo una donación calificativo solo este fin de semana.
  Revise <a href="https://example.com">example.com</a> para más detalles.
  <br><br>
  Y si usted quiere saber el modo más fácil para preguntar por una donación, solo tiene que subir
  una foto de su estudiante en <a href="https://example.com">example.com</a> para crear un video personalizado de Student Star.
  Es muy divertido y su estudiante es la estrella! Este video puede ser compartido por correo electrónico y en las redes sociales para conectarse con patrocinadores y pedir por donaciones.
  <br><br>¡Muchas gracias por toda su ayuda para nuestra clase!
  <br><br>Postada - Si todavía no a registrado su estudiante en <a href="https://example.com">example.com</a>, use
  nuestro código de registro escolar: <strong>registration code</strong> <br></p>
`;
