// Jest Snapshot v1, https://goo.gl/fbAQLP

exports[`VideoGallery Snapshop test for VideoGallery 1`] = `
<div class="lg:flex lg:flex-wrap -mx-2">
  <div class="p-2 lg:w-1/2">
    <article class="media border border-light hover:border-secondary cursor-pointer"><button>
        <figure class="relative media-left mr-0">
          <figure class="image is-16by9 w-32 sm:w-48" style="background-image: url(undefined);"></figure>
          <div class="absolute m-auto text-center w-1/2" style="top: 50%; left: 50%; transform: translate(-50%,-50%);">
            <fontawesomeicon-stub icon="play-circle" size="2x"></fontawesomeicon-stub>
          </div>
        </figure>
      </button>
      <div class="media-content p-2 md:p-4">
        <h3 class="text-sm sm:text-base font-semibold">

        </h3>
      </div>
    </article>
  </div>
  <div class="p-2 lg:w-1/2">
    <article class="media border border-light hover:border-secondary cursor-pointer border-secondary border-2"><button>
        <figure class="relative media-left mr-0">
          <figure class="image is-16by9 w-32 sm:w-48" style="background-image: url(undefined);"></figure>
          <div class="absolute m-auto text-center w-1/2" style="top: 50%; left: 50%; transform: translate(-50%,-50%);">
            <fontawesomeicon-stub icon="play-circle" size="2x"></fontawesomeicon-stub>
          </div>
        </figure>
      </button>
      <div class="media-content p-2 md:p-4">
        <h3 class="text-sm sm:text-base font-semibold">

        </h3>
      </div>
    </article>
  </div>
</div>
`;
