// Jest Snapshot v1, https://goo.gl/fbAQLP

exports[`ParticipantCard Snapshop test for ParticipantCard 1`] = `
<div class="participant-card max-w-xl m-4">
  <div>
    <div class="media mb-2 lg:px-4 relative">
      <div class="media-left"><a>
          <avatarimage-stub alt="first name" src="image name"></avatarimage-stub>
        </a></div>
      <div class="media-content self-center">
        <h2 class="text-xl">
          first name
        </h2>
      </div>
      <div class="media-right self-start has-text-right"><a class="text-sm has-text-grey">
          edit profile link
        </a></div>
    </div>
  </div>
  <section class="lg:px-4">
    <div class="mb-4" style="display: block;">
      <progressmeter-stub color="primary" backgroundcolorclass="bg-grey-light" goal="1000" firstmeter="0.6666666666666666" secondmeter="0.6666666666666666" valuetodisplay=""></progressmeter-stub>
      <div class="mt-2">
        <h3 class="font-bold flex items-center"><svg viewBox="0 0 16 16" class="fill-current text-primary h-4 w-4 mr-1">
            <circle cx="8" cy="8" r="8"></circle>
          </svg> <span>
                        total pledged $ of $
                    </span></h3>
        <h4 class="text-sm capitalize">
          modifier
        </h4>
      </div>
      <div class="mt-2">
        <h3 class="font-bold flex items-center"><svg viewBox="0 0 16 16" class="fill-current text-tertiary h-4 w-4 mr-1">
            <circle cx="8" cy="8" r="8"></circle>
          </svg> <span>
                        awaiting confirmation $
                    </span></h3>
        <h4 class="text-sm capitalize">
          modifier
        </h4>
      </div>
    </div>
    <div class="button-container text-center pb-4 border-b lg:border-b-0"><button class="py-2 px-8 rounded-full font-semibold text-sm text-white bg-secondary shadow focus:outline-none focus:shadow-outline"><span>view rewards</span></button></div>
  </section>
</div>
`;
