// Jest Snapshot v1, https://goo.gl/fbAQLP

exports[`PledgeInfoCard matches snapshot of pledge info card 1`] = `
<div class="pledge-info-card max-w-full flip-card">
  <div class="flip-card-inner">
    <div class="flip-card-front h-full bg-white border border-b-2 shadow-md border-grey-light rounded-lg p-2 px-4">
      <div class="flex items-center mb-2">
        <div class="w-1/2">
          <div class="leading-none"><span title="Test Test" class="font-semibold text-lg truncate pr-4 sm:pr-0 inline-block w-full">Test Test</span> <br> <span class="text-2xs has-text-grey">undefined NaN</span></div>
        </div>
        <div class="w-1/2 has-text-right">
          <div class="flex justify-end">
            <!---->
            <!----> <a class="ml-6 flex flex-col items-center has-text-grey">
              <fontawesomeicon-stub icon="far,edit"></fontawesomeicon-stub>
              <div class="text-2xs capitalize"></div>
            </a></div>
        </div>
      </div>
      <div>
        <div class="text-sm">
          <div class="flex justify-between border-b-2">
            <div>Student1</div>
            <div>
              $5.31
              <!---->
            </div>
          </div>
          <div class="flex justify-between items-baseline"><span class="capitalize font-bold text-green">entered</span>
            <div class="text-base">

              <span class="font-bold">$5.31</span></div>
          </div>
        </div>
      </div>
    </div>
    <div class="flip-card-back flex flex-col align-middle bg-white border border-b-2 shadow-md border-grey-light rounded-lg p-2 px-4">
      <div class="flex items-center mb-2">
        <div class="w-1/2">
          <div class="leading-none"><span class="font-semibold">Test Test</span></div>
        </div>
        <div class="w-1/2 has-text-right">
          <div class="flex justify-end"><a class="ml-6 flex flex-col items-center has-text-grey">
              <fontawesomeicon-stub icon="far,times"></fontawesomeicon-stub>
            </a></div>
        </div>
      </div>
      <p class="p-4 flex flex-1 items-center justify-center"><span class="text-center">“”</span></p>
    </div>
  </div>
</div>
`;
