// Jest Snapshot v1, https://goo.gl/fbAQLP

exports[`AppPasswordResetFields Snapshop test for AppPasswordResetFields 1`] = `
<div>
  <div class="form-group {"><label for="email" class="sr-only">

    </label> <input type="email" name="email" required="required" class="is-invalid form-control mw-250px mx-auto"></div>
  <div class="form-group"><label for="email" class="sr-only">

    </label> <input type="password" name="password" required="required" class="is-invalid form-control mw-250px mx-auto"></div>
  <div class="form-group"><label for="email-confirm" class="sr-only">

    </label> <input type="password" name="password_confirmation" required="required" class="is-invalid form-control mw-250px mx-auto"></div>
</div>
`;
