// Jest Snapshot v1, https://goo.gl/fbAQLP

exports[`StudentStarVideoCard matches snapshot 1`] = `
<div class="flex w-full">
  <div class="mr-1 sm:mr-4"><a href="/v3/tkdashboard/?redirect=auth/login/undefined/edit-personalize">
      <avatarimage-stub alt="" src="/v3-assets/dashboard/images/dashboard-avatar.svg"></avatarimage-stub>
    </a></div>
  <div class="flex-1 self-center">
    <h2>

    </h2>
  </div>
  <div class="self-center text-right">
    <routerlink-stub to="[object Object]" tag="a" event="click" class="inline-block py-1 sm:py-2 px-4 sm:px-6 text-white hover:text-white shadow font-semibold rounded-full bg-secondary whitespace-no-wrap">

    </routerlink-stub>
  </div>
</div>
`;
