// Jest Snapshot v1, https://goo.gl/fbAQLP

exports[`AddContactsModal Snapshop test for AddContactsModal 1`] = `
<div class="overflow-hidden rounded-xl max-w-xs mx-auto">
  <div class="card bg-blue w-full">
    <header class="card-header bg-blue text-white border-b-0 p-4 shadow-none">
      <p class="flex justify-between items-center text-center modal-card-title text-white"><span style="width: 24px; height: 48px;"></span> <span class="flex-1 text-center text-2xl font-bold"></span> <a href="#" class="text-white self-start" style="width: 24px; height: 48px;"><span class="icon"><fontawesomeicon-stub icon="fas,times" size="xs"></fontawesomeicon-stub></span></a></p>
    </header>
    <div class="card-content animated fadeIn animated-slow pt-0 text-white bg-blue">
      <div class="sm:w-64 mx-auto">
        <bfield-stub addons="true">
          <binput-stub expanded="true" usehtml5validation="true" value="" type="text" hascounter="true" customclass="" placeholder="first name"></binput-stub>
        </bfield-stub>
        <bfield-stub addons="true">
          <binput-stub expanded="true" usehtml5validation="true" value="" type="text" hascounter="true" customclass="" placeholder="last name"></binput-stub>
        </bfield-stub>
        <bfield-stub addons="true">
          <binput-stub expanded="true" usehtml5validation="true" value="" type="text" hascounter="true" customclass="" placeholder="email address"></binput-stub>
        </bfield-stub>
      </div>
    </div>
    <div class="card-footer border-t-0">
      <div class="card-footer-item flex-col mb-4"><button class="button is-medium px-16 py-2 bg-white text-secondary rounded-full inline-block font-semibold shadow">

        </button></div>
    </div>
  </div>
</div>
`;
