// Jest Snapshot v1, https://goo.gl/fbAQLP

exports[`AccordionModal Snapshop test for AccordionModal 1`] = `
<div class="max-h-screen overflow-y-auto shadow-lg">
  <div class="modal-card rounded-xl bg-white shadow-lg">
    <header class="modal-card-head bg-white relative items-start">
      <div>header slot</div>
    </header>
    <section class="modal-card-body p-0 overflow-auto">
      <div>default slot</div>
    </section>
    <div class="card-footer">
      <div class="card-footer-item flex-col">
        <div>footer slot</div>
      </div>
    </div>
  </div>
</div>
`;
