// Jest Snapshot v1, https://goo.gl/fbAQLP

exports[`StudentStarVideo matches snapshot 1`] = `
<div class="student-star-video card-content py-4 px-0">
  <div class="px-8">
    <figure class="image is-16by9 mb-8">
      <videoiframe-stub source="vimeo" videoid="383087736" color="ffffff" configid="JcxcCN5H"></videoiframe-stub>
    </figure>
    <h2 class="text-lg font-semibold">

    </h2>
    <p class="mb-8">


    </p>
  </div>
  <div class="grid mb-10 px-8 mx-auto">
    <div class="student-info w-full p-2 sm:p-4 relative has-background-white-bis border rounded-lg mb-4">
      <studentstarvideocard-stub participant="[object Object]"></studentstarvideocard-stub>
    </div>
  </div>
  <!---->
</div>
`;
