// Jest Snapshot v1, https://goo.gl/fbAQLP

exports[`UnitsForm renders units form correctly when editable 1`] = `
<div>
  <form class="select"><select name="units" class="font-bold units-containers">
      <option value="10">
        10
      </option>
      <option value="11">
        11
      </option>
      <option value="12">
        12
      </option>
      <option value="13">
        13
      </option>
      <option value="14">
        14
      </option>
      <option value="15">
        15
      </option>
      <option value="16">
        16
      </option>
      <option value="17">
        17
      </option>
      <option value="18">
        18
      </option>
      <option value="19">
        19
      </option>
      <option value="20">
        20
      </option>
      <option value="21">
        21
      </option>
      <option value="22">
        22
      </option>
      <option value="23">
        23
      </option>
      <option value="24">
        24
      </option>
      <option value="25">
        25
      </option>
      <option value="26">
        26
      </option>
      <option value="27">
        27
      </option>
      <option value="28">
        28
      </option>
      <option value="29">
        29
      </option>
      <option value="30">
        30
      </option>
      <option value="31">
        31
      </option>
      <option value="32">
        32
      </option>
      <option value="33">
        33
      </option>
      <option value="34">
        34
      </option>
      <option value="35">
        35
      </option>
    </select></form>
</div>
`;

exports[`UnitsForm renders units form correctly when not editable 1`] = `
<div>
  <p class="px-5 border units-container border-grey-light border-solid rounded sm:py-2 py-1 font-bold">
    30
  </p>
</div>
`;
