// Jest Snapshot v1, https://goo.gl/fbAQLP

exports[`ProgramOverview Snapshop test for ProgramOverview 1`] = `
<div class="program-overview card-content">
  <!---->
  <div class="pb-2">
    <h2 class="text-lg sm:text-2xl font-semibold">

    </h2>
    <div class="content">microsite overview text override</div>
  </div>
</div>
`;
