// Jest Snapshot v1, https://goo.gl/fbAQLP

exports[`EmailPreviousSponsorsModal Snapshop test for EmailPreviousSponsorsModal 1`] = `
<div class="m-4 rounded-xl overflow-hidden previous-sponsor-modal">
  <div class="card bg-blue">
    <div class="card-content pt-16 px-4 text-white text-center">
      <sendenvelope-stub></sendenvelope-stub>
      <p class="font-medium text-lg">about to email previous</p>
    </div>
    <div class="card-footer border-t-0">
      <div class="card-footer-item"><button class="w-24 sm:w-32 button inline-block mb-4 mx-2 is-danger is-rounded shadow font-bold">
          cancel
        </button> <button class="w-24 sm:w-32 button inline-block mb-4 mx-2 is-secondary is-rounded is-inverted shadow font-bold">
          send
        </button></div>
    </div>
  </div>
</div>
`;
