// Jest Snapshot v1, https://goo.gl/fbAQLP

exports[`ContactsTable Snapshop test for ContactsTable 1`] = `
<section>
  <div class="contacts-table px-4 pb-4">
    <div class="border border-transparent pl-3 pb-1">
      <div class="pb-5">
        <div class="text-center"><button disabled="disabled" class="w-64 button px-10 font-semibold is-rounded is-secondary shadow">email previous sponsors</button></div>
      </div>
      <!---->
    </div>
    <table class="table is-fullwidth border">
      <!---->
      <!---->
    </table>
  </div>
</section>
`;
